Component: ARM Compiler 6.16 Tool: armlink [5dfeaa00]

==============================================================================

Section Cross References

    sample_unit.o(.text.main) refers to sample_unit.o(.text.initiate) for initiate
    sample_unit.o(.text.main) refers to sample_unit.o(.text.usart_init) for usart_init
    sample_unit.o(.text.main) refers to sample_unit.o(.text.LDC_init) for LDC_init
    sample_unit.o(.text.main) refers to sample_unit.o(.text.timer2_init) for timer2_init
    sample_unit.o(.text.main) refers to sample_unit.o(.text.delayMs) for delayMs
    sample_unit.o(.text.main) refers to sample_unit.o(.text.timer3_init) for timer3_init
    sample_unit.o(.text.main) refers to sample_unit.o(.text.LCD_data) for LCD_data
    sample_unit.o(.text.main) refers to sample_unit.o(.text.lcd_update_A) for lcd_update_A
    sample_unit.o(.text.main) refers to sample_unit.o(.text.LCD_command) for LCD_command
    sample_unit.o(.text.main) refers to sample_unit.o(.text.lcd_update_B) for lcd_update_B
    sample_unit.o(.text.main) refers to sample_unit.o(.text.lcd_update_T) for lcd_update_T
    sample_unit.o(.text.main) refers to sample_unit.o(.text.keyPressed) for keyPressed
    sample_unit.o(.text.main) refers to sample_unit.o(.text.decrease_and_send_B) for decrease_and_send_B
    sample_unit.o(.text.main) refers to sample_unit.o(.text.increase_and_send_A) for increase_and_send_A
    sample_unit.o(.text.main) refers to sample_unit.o(.text.decrease_and_send_A) for decrease_and_send_A
    sample_unit.o(.text.main) refers to sample_unit.o(.text.increase_and_send_B) for increase_and_send_B
    sample_unit.o(.ARM.exidx.text.main) refers to sample_unit.o(.text.main) for [Anonymous Symbol]
    sample_unit.o(.ARM.exidx.text.initiate) refers to sample_unit.o(.text.initiate) for [Anonymous Symbol]
    sample_unit.o(.ARM.exidx.text.usart_init) refers to sample_unit.o(.text.usart_init) for [Anonymous Symbol]
    sample_unit.o(.text.LDC_init) refers to sample_unit.o(.text.delayMs) for delayMs
    sample_unit.o(.text.LDC_init) refers to sample_unit.o(.text.LCD_command) for LCD_command
    sample_unit.o(.ARM.exidx.text.LDC_init) refers to sample_unit.o(.text.LDC_init) for [Anonymous Symbol]
    sample_unit.o(.text.timer2_init) refers to sample_unit.o(.text.__NVIC_EnableIRQ) for __NVIC_EnableIRQ
    sample_unit.o(.ARM.exidx.text.timer2_init) refers to sample_unit.o(.text.timer2_init) for [Anonymous Symbol]
    sample_unit.o(.ARM.exidx.text.delayMs) refers to sample_unit.o(.text.delayMs) for [Anonymous Symbol]
    sample_unit.o(.text.timer3_init) refers to sample_unit.o(.text.__NVIC_EnableIRQ) for __NVIC_EnableIRQ
    sample_unit.o(.ARM.exidx.text.timer3_init) refers to sample_unit.o(.text.timer3_init) for [Anonymous Symbol]
    sample_unit.o(.text.LCD_data) refers to sample_unit.o(.text.enable_pulse) for enable_pulse
    sample_unit.o(.text.LCD_data) refers to sample_unit.o(.text.delayMs) for delayMs
    sample_unit.o(.ARM.exidx.text.LCD_data) refers to sample_unit.o(.text.LCD_data) for [Anonymous Symbol]
    sample_unit.o(.text.lcd_update_A) refers to sample_unit.o(.text.LCD_command) for LCD_command
    sample_unit.o(.text.lcd_update_A) refers to sample_unit.o(.data.A_param) for A_param
    sample_unit.o(.text.lcd_update_A) refers to sample_unit.o(.text.LCD_data) for LCD_data
    sample_unit.o(.text.lcd_update_A) refers to sample_unit.o(.text.delayMs) for delayMs
    sample_unit.o(.ARM.exidx.text.lcd_update_A) refers to sample_unit.o(.text.lcd_update_A) for [Anonymous Symbol]
    sample_unit.o(.text.LCD_command) refers to sample_unit.o(.text.enable_pulse) for enable_pulse
    sample_unit.o(.text.LCD_command) refers to sample_unit.o(.text.delayMs) for delayMs
    sample_unit.o(.ARM.exidx.text.LCD_command) refers to sample_unit.o(.text.LCD_command) for [Anonymous Symbol]
    sample_unit.o(.text.lcd_update_B) refers to sample_unit.o(.text.LCD_command) for LCD_command
    sample_unit.o(.text.lcd_update_B) refers to sample_unit.o(.bss.B_param) for B_param
    sample_unit.o(.text.lcd_update_B) refers to sample_unit.o(.text.LCD_data) for LCD_data
    sample_unit.o(.text.lcd_update_B) refers to sample_unit.o(.text.delayMs) for delayMs
    sample_unit.o(.ARM.exidx.text.lcd_update_B) refers to sample_unit.o(.text.lcd_update_B) for [Anonymous Symbol]
    sample_unit.o(.text.lcd_update_T) refers to sample_unit.o(.text.LCD_command) for LCD_command
    sample_unit.o(.text.lcd_update_T) refers to sample_unit.o(.data.Time_Unit) for Time_Unit
    sample_unit.o(.text.lcd_update_T) refers to sample_unit.o(.text.LCD_data) for LCD_data
    sample_unit.o(.text.lcd_update_T) refers to sample_unit.o(.text.delayMs) for delayMs
    sample_unit.o(.ARM.exidx.text.lcd_update_T) refers to sample_unit.o(.text.lcd_update_T) for [Anonymous Symbol]
    sample_unit.o(.text.keyPressed) refers to sample_unit.o(.text.delayMs) for delayMs
    sample_unit.o(.ARM.exidx.text.keyPressed) refers to sample_unit.o(.text.keyPressed) for [Anonymous Symbol]
    sample_unit.o(.text.increase_and_send_A) refers to sample_unit.o(.data.A_Change) for A_Change
    sample_unit.o(.text.increase_and_send_A) refers to sample_unit.o(.data.A_param) for A_param
    sample_unit.o(.text.increase_and_send_A) refers to sample_unit.o(.data.Set_Parameter_A) for Set_Parameter_A
    sample_unit.o(.text.increase_and_send_A) refers to sample_unit.o(.text.sendPacket) for sendPacket
    sample_unit.o(.text.increase_and_send_A) refers to sample_unit.o(.text.delayMs) for delayMs
    sample_unit.o(.text.increase_and_send_A) refers to sample_unit.o(.text.lcd_update_A) for lcd_update_A
    sample_unit.o(.ARM.exidx.text.increase_and_send_A) refers to sample_unit.o(.text.increase_and_send_A) for [Anonymous Symbol]
    sample_unit.o(.text.decrease_and_send_A) refers to sample_unit.o(.data.A_Change) for A_Change
    sample_unit.o(.text.decrease_and_send_A) refers to sample_unit.o(.data.A_param) for A_param
    sample_unit.o(.text.decrease_and_send_A) refers to sample_unit.o(.data.Set_Parameter_A) for Set_Parameter_A
    sample_unit.o(.text.decrease_and_send_A) refers to sample_unit.o(.text.sendPacket) for sendPacket
    sample_unit.o(.text.decrease_and_send_A) refers to sample_unit.o(.text.delayMs) for delayMs
    sample_unit.o(.text.decrease_and_send_A) refers to sample_unit.o(.text.lcd_update_A) for lcd_update_A
    sample_unit.o(.ARM.exidx.text.decrease_and_send_A) refers to sample_unit.o(.text.decrease_and_send_A) for [Anonymous Symbol]
    sample_unit.o(.text.increase_and_send_B) refers to sample_unit.o(.data.B_Change) for B_Change
    sample_unit.o(.text.increase_and_send_B) refers to sample_unit.o(.bss.B_param) for B_param
    sample_unit.o(.text.increase_and_send_B) refers to sample_unit.o(.data.Set_Parameter_B) for Set_Parameter_B
    sample_unit.o(.text.increase_and_send_B) refers to sample_unit.o(.text.sendPacket) for sendPacket
    sample_unit.o(.text.increase_and_send_B) refers to sample_unit.o(.text.delayMs) for delayMs
    sample_unit.o(.text.increase_and_send_B) refers to sample_unit.o(.text.lcd_update_B) for lcd_update_B
    sample_unit.o(.ARM.exidx.text.increase_and_send_B) refers to sample_unit.o(.text.increase_and_send_B) for [Anonymous Symbol]
    sample_unit.o(.text.decrease_and_send_B) refers to sample_unit.o(.data.B_Change) for B_Change
    sample_unit.o(.text.decrease_and_send_B) refers to sample_unit.o(.bss.B_param) for B_param
    sample_unit.o(.text.decrease_and_send_B) refers to sample_unit.o(.data.Set_Parameter_B) for Set_Parameter_B
    sample_unit.o(.text.decrease_and_send_B) refers to sample_unit.o(.text.sendPacket) for sendPacket
    sample_unit.o(.text.decrease_and_send_B) refers to sample_unit.o(.text.delayMs) for delayMs
    sample_unit.o(.text.decrease_and_send_B) refers to sample_unit.o(.text.lcd_update_B) for lcd_update_B
    sample_unit.o(.ARM.exidx.text.decrease_and_send_B) refers to sample_unit.o(.text.decrease_and_send_B) for [Anonymous Symbol]
    sample_unit.o(.text.sendPacket) refers to sample_unit.o(.text.delayMs) for delayMs
    sample_unit.o(.ARM.exidx.text.sendPacket) refers to sample_unit.o(.text.sendPacket) for [Anonymous Symbol]
    sample_unit.o(.text.enable_pulse) refers to sample_unit.o(.text.delayMs) for delayMs
    sample_unit.o(.ARM.exidx.text.enable_pulse) refers to sample_unit.o(.text.enable_pulse) for [Anonymous Symbol]
    sample_unit.o(.ARM.exidx.text.__NVIC_EnableIRQ) refers to sample_unit.o(.text.__NVIC_EnableIRQ) for [Anonymous Symbol]
    sample_unit.o(.ARM.exidx.text.receivePacket) refers to sample_unit.o(.text.receivePacket) for [Anonymous Symbol]
    sample_unit.o(.text.TIM2_IRQHandler) refers to sample_unit.o(.bss.sample_num) for sample_num
    sample_unit.o(.text.TIM2_IRQHandler) refers to sample_unit.o(.data.time_unit) for time_unit
    sample_unit.o(.text.TIM2_IRQHandler) refers to sample_unit.o(.bss.init_data_counter) for init_data_counter
    sample_unit.o(.text.TIM2_IRQHandler) refers to sample_unit.o(.bss.init_data) for init_data
    sample_unit.o(.ARM.exidx.text.TIM2_IRQHandler) refers to sample_unit.o(.text.TIM2_IRQHandler) for [Anonymous Symbol]
    sample_unit.o(.text.TIM3_IRQHandler) refers to sample_unit.o(.bss.sample_num) for sample_num
    sample_unit.o(.text.TIM3_IRQHandler) refers to sample_unit.o(.data.time_unit) for time_unit
    sample_unit.o(.text.TIM3_IRQHandler) refers to sample_unit.o(.bss.frame_data) for frame_data
    sample_unit.o(.text.TIM3_IRQHandler) refers to sample_unit.o(.bss.frame_step) for frame_step
    sample_unit.o(.text.TIM3_IRQHandler) refers to sample_unit.o(.bss.init_data) for init_data
    sample_unit.o(.text.TIM3_IRQHandler) refers to sample_unit.o(.bss.init_data_counter) for init_data_counter
    sample_unit.o(.text.TIM3_IRQHandler) refers to sample_unit.o(.data.Channel_1_Frame) for Channel_1_Frame
    sample_unit.o(.text.TIM3_IRQHandler) refers to sample_unit.o(.text.sendPacket) for sendPacket
    sample_unit.o(.text.TIM3_IRQHandler) refers to sample_unit.o(.text.delayMs) for delayMs
    sample_unit.o(.ARM.exidx.text.TIM3_IRQHandler) refers to sample_unit.o(.text.TIM3_IRQHandler) for [Anonymous Symbol]
    startup_stm32f401xe.o(STACK) refers (Special) to heapauxi.o(.text) for __use_two_region_memory
    startup_stm32f401xe.o(HEAP) refers (Special) to heapauxi.o(.text) for __use_two_region_memory
    startup_stm32f401xe.o(RESET) refers (Special) to heapauxi.o(.text) for __use_two_region_memory
    startup_stm32f401xe.o(RESET) refers to startup_stm32f401xe.o(STACK) for __initial_sp
    startup_stm32f401xe.o(RESET) refers to startup_stm32f401xe.o(.text) for Reset_Handler
    startup_stm32f401xe.o(RESET) refers to sample_unit.o(.text.TIM2_IRQHandler) for TIM2_IRQHandler
    startup_stm32f401xe.o(RESET) refers to sample_unit.o(.text.TIM3_IRQHandler) for TIM3_IRQHandler
    startup_stm32f401xe.o(.text) refers (Special) to heapauxi.o(.text) for __use_two_region_memory
    startup_stm32f401xe.o(.text) refers to system_stm32f4xx.o(.text.SystemInit) for SystemInit
    startup_stm32f401xe.o(.text) refers to __main.o(!!!main) for __main
    startup_stm32f401xe.o(.text) refers to startup_stm32f401xe.o(HEAP) for Heap_Mem
    startup_stm32f401xe.o(.text) refers to startup_stm32f401xe.o(STACK) for Stack_Mem
    system_stm32f4xx.o(.ARM.exidx.text.SystemInit) refers to system_stm32f4xx.o(.text.SystemInit) for [Anonymous Symbol]
    system_stm32f4xx.o(.text.SystemCoreClockUpdate) refers to system_stm32f4xx.o(.data.SystemCoreClock) for SystemCoreClock
    system_stm32f4xx.o(.text.SystemCoreClockUpdate) refers to system_stm32f4xx.o(.rodata.AHBPrescTable) for AHBPrescTable
    system_stm32f4xx.o(.ARM.exidx.text.SystemCoreClockUpdate) refers to system_stm32f4xx.o(.text.SystemCoreClockUpdate) for [Anonymous Symbol]
    __main.o(!!!main) refers to __rtentry.o(.ARM.Collect$$rtentry$$00000000) for __rt_entry
    __rtentry.o(.ARM.Collect$$rtentry$$00000000) refers (Special) to __rtentry2.o(.ARM.Collect$$rtentry$$0000000A) for __rt_entry_li
    __rtentry.o(.ARM.Collect$$rtentry$$00000000) refers (Special) to __rtentry2.o(.ARM.Collect$$rtentry$$0000000D) for __rt_entry_main
    __rtentry.o(.ARM.Collect$$rtentry$$00000000) refers (Special) to __rtentry2.o(.ARM.Collect$$rtentry$$0000000C) for __rt_entry_postli_1
    __rtentry.o(.ARM.Collect$$rtentry$$00000000) refers (Special) to __rtentry2.o(.ARM.Collect$$rtentry$$00000009) for __rt_entry_postsh_1
    __rtentry.o(.ARM.Collect$$rtentry$$00000000) refers (Special) to __rtentry2.o(.ARM.Collect$$rtentry$$00000002) for __rt_entry_presh_1
    __rtentry.o(.ARM.Collect$$rtentry$$00000000) refers (Special) to __rtentry4.o(.ARM.Collect$$rtentry$$00000004) for __rt_entry_sh
    __rtentry2.o(.ARM.Collect$$rtentry$$00000008) refers to boardinit2.o(.text) for _platform_post_stackheap_init
    __rtentry2.o(.ARM.Collect$$rtentry$$0000000A) refers to libinit.o(.ARM.Collect$$libinit$$00000000) for __rt_lib_init
    __rtentry2.o(.ARM.Collect$$rtentry$$0000000B) refers to boardinit3.o(.text) for _platform_post_lib_init
    __rtentry2.o(.ARM.Collect$$rtentry$$0000000D) refers to sample_unit.o(.text.main) for main
    __rtentry2.o(.ARM.Collect$$rtentry$$0000000D) refers to exit.o(.text) for exit
    __rtentry2.o(.ARM.exidx) refers to __rtentry2.o(.ARM.Collect$$rtentry$$00000001) for .ARM.Collect$$rtentry$$00000001
    __rtentry2.o(.ARM.exidx) refers to __rtentry2.o(.ARM.Collect$$rtentry$$00000008) for .ARM.Collect$$rtentry$$00000008
    __rtentry2.o(.ARM.exidx) refers to __rtentry2.o(.ARM.Collect$$rtentry$$0000000A) for .ARM.Collect$$rtentry$$0000000A
    __rtentry2.o(.ARM.exidx) refers to __rtentry2.o(.ARM.Collect$$rtentry$$0000000B) for .ARM.Collect$$rtentry$$0000000B
    __rtentry2.o(.ARM.exidx) refers to __rtentry2.o(.ARM.Collect$$rtentry$$0000000D) for .ARM.Collect$$rtentry$$0000000D
    __rtentry4.o(.ARM.Collect$$rtentry$$00000004) refers to sys_stackheap_outer.o(.text) for __user_setup_stackheap
    __rtentry4.o(.ARM.exidx) refers to __rtentry4.o(.ARM.Collect$$rtentry$$00000004) for .ARM.Collect$$rtentry$$00000004
    sys_stackheap_outer.o(.text) refers to libspace.o(.text) for __user_perproc_libspace
    sys_stackheap_outer.o(.text) refers to startup_stm32f401xe.o(.text) for __user_initial_stackheap
    exit.o(.text) refers to rtexit.o(.ARM.Collect$$rtexit$$00000000) for __rt_exit
    libinit.o(.ARM.Collect$$libinit$$00000000) refers (Special) to libinit2.o(.ARM.Collect$$libinit$$0000002E) for __rt_lib_init_alloca_1
    libinit.o(.ARM.Collect$$libinit$$00000000) refers (Special) to libinit2.o(.ARM.Collect$$libinit$$0000002C) for __rt_lib_init_argv_1
    libinit.o(.ARM.Collect$$libinit$$00000000) refers (Special) to libinit2.o(.ARM.Collect$$libinit$$0000001B) for __rt_lib_init_atexit_1
    libinit.o(.ARM.Collect$$libinit$$00000000) refers (Special) to libinit2.o(.ARM.Collect$$libinit$$00000021) for __rt_lib_init_clock_1
    libinit.o(.ARM.Collect$$libinit$$00000000) refers (Special) to libinit2.o(.ARM.Collect$$libinit$$00000032) for __rt_lib_init_cpp_1
    libinit.o(.ARM.Collect$$libinit$$00000000) refers (Special) to libinit2.o(.ARM.Collect$$libinit$$00000030) for __rt_lib_init_exceptions_1
    libinit.o(.ARM.Collect$$libinit$$00000000) refers (Special) to libinit2.o(.ARM.Collect$$libinit$$00000001) for __rt_lib_init_fp_1
    libinit.o(.ARM.Collect$$libinit$$00000000) refers (Special) to libinit2.o(.ARM.Collect$$libinit$$0000001F) for __rt_lib_init_fp_trap_1
    libinit.o(.ARM.Collect$$libinit$$00000000) refers (Special) to libinit2.o(.ARM.Collect$$libinit$$00000023) for __rt_lib_init_getenv_1
    libinit.o(.ARM.Collect$$libinit$$00000000) refers (Special) to libinit2.o(.ARM.Collect$$libinit$$0000000A) for __rt_lib_init_heap_1
    libinit.o(.ARM.Collect$$libinit$$00000000) refers (Special) to libinit2.o(.ARM.Collect$$libinit$$00000011) for __rt_lib_init_lc_collate_1
    libinit.o(.ARM.Collect$$libinit$$00000000) refers (Special) to libinit2.o(.ARM.Collect$$libinit$$00000013) for __rt_lib_init_lc_ctype_1
    libinit.o(.ARM.Collect$$libinit$$00000000) refers (Special) to libinit2.o(.ARM.Collect$$libinit$$00000015) for __rt_lib_init_lc_monetary_1
    libinit.o(.ARM.Collect$$libinit$$00000000) refers (Special) to libinit2.o(.ARM.Collect$$libinit$$00000017) for __rt_lib_init_lc_numeric_1
    libinit.o(.ARM.Collect$$libinit$$00000000) refers (Special) to libinit2.o(.ARM.Collect$$libinit$$00000019) for __rt_lib_init_lc_time_1
    libinit.o(.ARM.Collect$$libinit$$00000000) refers (Special) to libinit2.o(.ARM.Collect$$libinit$$00000004) for __rt_lib_init_preinit_1
    libinit.o(.ARM.Collect$$libinit$$00000000) refers (Special) to libinit2.o(.ARM.Collect$$libinit$$0000000E) for __rt_lib_init_rand_1
    libinit.o(.ARM.Collect$$libinit$$00000000) refers (Special) to libinit2.o(.ARM.Collect$$libinit$$00000033) for __rt_lib_init_return
    libinit.o(.ARM.Collect$$libinit$$00000000) refers (Special) to libinit2.o(.ARM.Collect$$libinit$$0000001D) for __rt_lib_init_signal_1
    libinit.o(.ARM.Collect$$libinit$$00000000) refers (Special) to libinit2.o(.ARM.Collect$$libinit$$00000025) for __rt_lib_init_stdio_1
    libinit.o(.ARM.Collect$$libinit$$00000000) refers (Special) to libinit2.o(.ARM.Collect$$libinit$$0000000C) for __rt_lib_init_user_alloc_1
    libspace.o(.text) refers to libspace.o(.bss) for __libspace_start
    rtexit.o(.ARM.Collect$$rtexit$$00000000) refers (Special) to rtexit2.o(.ARM.Collect$$rtexit$$00000004) for __rt_exit_exit
    rtexit.o(.ARM.Collect$$rtexit$$00000000) refers (Special) to rtexit2.o(.ARM.Collect$$rtexit$$00000003) for __rt_exit_ls
    rtexit.o(.ARM.Collect$$rtexit$$00000000) refers (Special) to rtexit2.o(.ARM.Collect$$rtexit$$00000002) for __rt_exit_prels_1
    rtexit.o(.ARM.exidx) refers (Special) to rtexit2.o(.ARM.Collect$$rtexit$$00000004) for __rt_exit_exit
    rtexit.o(.ARM.exidx) refers (Special) to rtexit2.o(.ARM.Collect$$rtexit$$00000003) for __rt_exit_ls
    rtexit.o(.ARM.exidx) refers (Special) to rtexit2.o(.ARM.Collect$$rtexit$$00000002) for __rt_exit_prels_1
    rtexit.o(.ARM.exidx) refers to rtexit.o(.ARM.Collect$$rtexit$$00000000) for .ARM.Collect$$rtexit$$00000000
    libinit2.o(.ARM.Collect$$libinit$$00000001) refers to fpinit.o(x$fpl$fpinit) for _fp_init
    libinit2.o(.ARM.Collect$$libinit$$00000010) refers to libinit2.o(.ARM.Collect$$libinit$$0000000F) for .ARM.Collect$$libinit$$0000000F
    libinit2.o(.ARM.Collect$$libinit$$00000012) refers to libinit2.o(.ARM.Collect$$libinit$$0000000F) for .ARM.Collect$$libinit$$0000000F
    libinit2.o(.ARM.Collect$$libinit$$00000014) refers to libinit2.o(.ARM.Collect$$libinit$$0000000F) for .ARM.Collect$$libinit$$0000000F
    libinit2.o(.ARM.Collect$$libinit$$00000016) refers to libinit2.o(.ARM.Collect$$libinit$$0000000F) for .ARM.Collect$$libinit$$0000000F
    libinit2.o(.ARM.Collect$$libinit$$00000018) refers to libinit2.o(.ARM.Collect$$libinit$$0000000F) for .ARM.Collect$$libinit$$0000000F
    libinit2.o(.ARM.Collect$$libinit$$00000026) refers to argv_veneer.o(.emb_text) for __ARM_argv_veneer
    libinit2.o(.ARM.Collect$$libinit$$00000027) refers to argv_veneer.o(.emb_text) for __ARM_argv_veneer
    rtexit2.o(.ARM.Collect$$rtexit$$00000003) refers to libshutdown.o(.ARM.Collect$$libshutdown$$00000000) for __rt_lib_shutdown
    rtexit2.o(.ARM.Collect$$rtexit$$00000004) refers to sys_exit.o(.text) for _sys_exit
    rtexit2.o(.ARM.exidx) refers to rtexit2.o(.ARM.Collect$$rtexit$$00000001) for .ARM.Collect$$rtexit$$00000001
    rtexit2.o(.ARM.exidx) refers to rtexit2.o(.ARM.Collect$$rtexit$$00000003) for .ARM.Collect$$rtexit$$00000003
    rtexit2.o(.ARM.exidx) refers to rtexit2.o(.ARM.Collect$$rtexit$$00000004) for .ARM.Collect$$rtexit$$00000004
    argv_veneer.o(.emb_text) refers to no_argv.o(.text) for __ARM_get_argv
    sys_exit.o(.text) refers (Special) to use_no_semi.o(.text) for __I$use$semihosting
    sys_exit.o(.text) refers (Special) to indicate_semi.o(.text) for __semihosting_library_function
    sys_exit_hlt.o(.text) refers (Special) to use_no_semi.o(.text) for __I$use$semihosting
    sys_exit_hlt.o(.text) refers (Special) to indicate_semi.o(.text) for __semihosting_library_function
    _get_argv_nomalloc.o(.text) refers (Special) to hrguard.o(.text) for __heap_region$guard
    _get_argv_nomalloc.o(.text) refers to defsig_rtmem_outer.o(.text) for __rt_SIGRTMEM
    _get_argv_nomalloc.o(.text) refers to sys_command.o(.text) for _sys_command_string
    libshutdown.o(.ARM.Collect$$libshutdown$$00000000) refers (Special) to libshutdown2.o(.ARM.Collect$$libshutdown$$00000002) for __rt_lib_shutdown_cpp_1
    libshutdown.o(.ARM.Collect$$libshutdown$$00000000) refers (Special) to libshutdown2.o(.ARM.Collect$$libshutdown$$00000007) for __rt_lib_shutdown_fp_trap_1
    libshutdown.o(.ARM.Collect$$libshutdown$$00000000) refers (Special) to libshutdown2.o(.ARM.Collect$$libshutdown$$0000000F) for __rt_lib_shutdown_heap_1
    libshutdown.o(.ARM.Collect$$libshutdown$$00000000) refers (Special) to libshutdown2.o(.ARM.Collect$$libshutdown$$00000010) for __rt_lib_shutdown_return
    libshutdown.o(.ARM.Collect$$libshutdown$$00000000) refers (Special) to libshutdown2.o(.ARM.Collect$$libshutdown$$0000000A) for __rt_lib_shutdown_signal_1
    libshutdown.o(.ARM.Collect$$libshutdown$$00000000) refers (Special) to libshutdown2.o(.ARM.Collect$$libshutdown$$00000004) for __rt_lib_shutdown_stdio_1
    libshutdown.o(.ARM.Collect$$libshutdown$$00000000) refers (Special) to libshutdown2.o(.ARM.Collect$$libshutdown$$0000000C) for __rt_lib_shutdown_user_alloc_1
    sys_command.o(.text) refers (Special) to use_no_semi.o(.text) for __I$use$semihosting
    sys_command.o(.text) refers (Special) to indicate_semi.o(.text) for __semihosting_library_function
    sys_command_hlt.o(.text) refers (Special) to use_no_semi.o(.text) for __I$use$semihosting
    sys_command_hlt.o(.text) refers (Special) to indicate_semi.o(.text) for __semihosting_library_function
    defsig_rtmem_outer.o(.text) refers to defsig_rtmem_inner.o(.text) for __rt_SIGRTMEM_inner
    defsig_rtmem_outer.o(.text) refers to defsig_exit.o(.text) for __sig_exit
    defsig_rtmem_formal.o(.text) refers to rt_raise.o(.text) for __rt_raise
    rt_raise.o(.text) refers to __raise.o(.text) for __raise
    rt_raise.o(.text) refers to sys_exit.o(.text) for _sys_exit
    defsig_exit.o(.text) refers to sys_exit.o(.text) for _sys_exit
    defsig_rtmem_inner.o(.text) refers to defsig_general.o(.text) for __default_signal_display
    __raise.o(.text) refers to defsig.o(CL$$defsig) for __default_signal_handler
    defsig_general.o(.text) refers to sys_wrch.o(.text) for _ttywrch
    sys_wrch.o(.text) refers (Special) to use_no_semi.o(.text) for __I$use$semihosting
    sys_wrch.o(.text) refers (Special) to indicate_semi.o(.text) for __semihosting_library_function
    sys_wrch_hlt.o(.text) refers (Special) to use_no_semi.o(.text) for __I$use$semihosting
    sys_wrch_hlt.o(.text) refers (Special) to indicate_semi.o(.text) for __semihosting_library_function
    defsig.o(CL$$defsig) refers to defsig_rtmem_inner.o(.text) for __rt_SIGRTMEM_inner
    defsig_abrt_inner.o(.text) refers to defsig_general.o(.text) for __default_signal_display
    defsig_fpe_inner.o(.text) refers to defsig_general.o(.text) for __default_signal_display
    defsig_rtred_inner.o(.text) refers to defsig_general.o(.text) for __default_signal_display
    defsig_stak_inner.o(.text) refers to defsig_general.o(.text) for __default_signal_display
    defsig_pvfn_inner.o(.text) refers to defsig_general.o(.text) for __default_signal_display
    defsig_cppl_inner.o(.text) refers to defsig_general.o(.text) for __default_signal_display
    defsig_segv_inner.o(.text) refers to defsig_general.o(.text) for __default_signal_display
    defsig_other.o(.text) refers to defsig_general.o(.text) for __default_signal_display


==============================================================================

Removing Unused input sections from the image.

    Removing sample_unit.o(.text), (0 bytes).
    Removing sample_unit.o(.ARM.exidx.text.main), (8 bytes).
    Removing sample_unit.o(.ARM.exidx.text.initiate), (8 bytes).
    Removing sample_unit.o(.ARM.exidx.text.usart_init), (8 bytes).
    Removing sample_unit.o(.ARM.exidx.text.LDC_init), (8 bytes).
    Removing sample_unit.o(.ARM.exidx.text.timer2_init), (8 bytes).
    Removing sample_unit.o(.ARM.exidx.text.delayMs), (8 bytes).
    Removing sample_unit.o(.ARM.exidx.text.timer3_init), (8 bytes).
    Removing sample_unit.o(.ARM.exidx.text.LCD_data), (8 bytes).
    Removing sample_unit.o(.ARM.exidx.text.lcd_update_A), (8 bytes).
    Removing sample_unit.o(.ARM.exidx.text.LCD_command), (8 bytes).
    Removing sample_unit.o(.ARM.exidx.text.lcd_update_B), (8 bytes).
    Removing sample_unit.o(.ARM.exidx.text.lcd_update_T), (8 bytes).
    Removing sample_unit.o(.ARM.exidx.text.keyPressed), (8 bytes).
    Removing sample_unit.o(.ARM.exidx.text.increase_and_send_A), (8 bytes).
    Removing sample_unit.o(.ARM.exidx.text.decrease_and_send_A), (8 bytes).
    Removing sample_unit.o(.ARM.exidx.text.increase_and_send_B), (8 bytes).
    Removing sample_unit.o(.ARM.exidx.text.decrease_and_send_B), (8 bytes).
    Removing sample_unit.o(.ARM.exidx.text.sendPacket), (8 bytes).
    Removing sample_unit.o(.ARM.exidx.text.enable_pulse), (8 bytes).
    Removing sample_unit.o(.ARM.exidx.text.__NVIC_EnableIRQ), (8 bytes).
    Removing sample_unit.o(.text.receivePacket), (18 bytes).
    Removing sample_unit.o(.ARM.exidx.text.receivePacket), (8 bytes).
    Removing sample_unit.o(.ARM.exidx.text.TIM2_IRQHandler), (8 bytes).
    Removing sample_unit.o(.ARM.exidx.text.TIM3_IRQHandler), (8 bytes).
    Removing sample_unit.o(.data.max_sample), (4 bytes).
    Removing sample_unit.o(.data.TU_Change), (4 bytes).
    Removing sample_unit.o(.ARM.use_no_argv), (4 bytes).
    Removing system_stm32f4xx.o(.text), (0 bytes).
    Removing system_stm32f4xx.o(.ARM.exidx.text.SystemInit), (8 bytes).
    Removing system_stm32f4xx.o(.text.SystemCoreClockUpdate), (126 bytes).
    Removing system_stm32f4xx.o(.ARM.exidx.text.SystemCoreClockUpdate), (8 bytes).
    Removing system_stm32f4xx.o(.data.SystemCoreClock), (4 bytes).
    Removing system_stm32f4xx.o(.rodata.AHBPrescTable), (16 bytes).
    Removing system_stm32f4xx.o(.rodata.APBPrescTable), (8 bytes).

35 unused section(s) (total 384 bytes) removed from the image.

==============================================================================

Image Symbol Table

    Local Symbols

    Symbol Name                              Value     Ov Type        Size  Object(Section)

    ../clib/angel/boardlib.s                 0x00000000   Number         0  boardinit1.o ABSOLUTE
    ../clib/angel/boardlib.s                 0x00000000   Number         0  boardinit2.o ABSOLUTE
    ../clib/angel/boardlib.s                 0x00000000   Number         0  boardinit3.o ABSOLUTE
    ../clib/angel/boardlib.s                 0x00000000   Number         0  boardshut.o ABSOLUTE
    ../clib/angel/handlers.s                 0x00000000   Number         0  __scatter_copy.o ABSOLUTE
    ../clib/angel/handlers.s                 0x00000000   Number         0  __scatter_zi.o ABSOLUTE
    ../clib/angel/kernel.s                   0x00000000   Number         0  __rtentry.o ABSOLUTE
    ../clib/angel/kernel.s                   0x00000000   Number         0  __rtentry2.o ABSOLUTE
    ../clib/angel/kernel.s                   0x00000000   Number         0  __rtentry4.o ABSOLUTE
    ../clib/angel/kernel.s                   0x00000000   Number         0  rtexit.o ABSOLUTE
    ../clib/angel/kernel.s                   0x00000000   Number         0  rtexit2.o ABSOLUTE
    ../clib/angel/rt.s                       0x00000000   Number         0  rt_raise.o ABSOLUTE
    ../clib/angel/scatter.s                  0x00000000   Number         0  __scatter.o ABSOLUTE
    ../clib/angel/startup.s                  0x00000000   Number         0  __main.o ABSOLUTE
    ../clib/angel/sys.s                      0x00000000   Number         0  sys_stackheap_outer.o ABSOLUTE
    ../clib/angel/sys.s                      0x00000000   Number         0  libspace.o ABSOLUTE
    ../clib/angel/sys.s                      0x00000000   Number         0  use_no_semi.o ABSOLUTE
    ../clib/angel/sys.s                      0x00000000   Number         0  indicate_semi.o ABSOLUTE
    ../clib/angel/sysapp.c                   0x00000000   Number         0  sys_exit.o ABSOLUTE
    ../clib/angel/sysapp.c                   0x00000000   Number         0  sys_exit_hlt.o ABSOLUTE
    ../clib/angel/sysapp.c                   0x00000000   Number         0  sys_command.o ABSOLUTE
    ../clib/angel/sysapp.c                   0x00000000   Number         0  sys_command_hlt.o ABSOLUTE
    ../clib/angel/sysapp.c                   0x00000000   Number         0  sys_wrch.o ABSOLUTE
    ../clib/angel/sysapp.c                   0x00000000   Number         0  sys_wrch_hlt.o ABSOLUTE
    ../clib/armsys.c                         0x00000000   Number         0  argv_veneer.o ABSOLUTE
    ../clib/armsys.c                         0x00000000   Number         0  argv_veneer.o ABSOLUTE
    ../clib/armsys.c                         0x00000000   Number         0  _get_argv_nomalloc.o ABSOLUTE
    ../clib/armsys.c                         0x00000000   Number         0  no_argv.o ABSOLUTE
    ../clib/heapalloc.c                      0x00000000   Number         0  hrguard.o ABSOLUTE
    ../clib/heapaux.c                        0x00000000   Number         0  heapauxi.o ABSOLUTE
    ../clib/libinit.s                        0x00000000   Number         0  libinit.o ABSOLUTE
    ../clib/libinit.s                        0x00000000   Number         0  libinit2.o ABSOLUTE
    ../clib/libinit.s                        0x00000000   Number         0  libshutdown.o ABSOLUTE
    ../clib/libinit.s                        0x00000000   Number         0  libshutdown2.o ABSOLUTE
    ../clib/signal.c                         0x00000000   Number         0  defsig_rtmem_outer.o ABSOLUTE
    ../clib/signal.c                         0x00000000   Number         0  defsig_rtmem_formal.o ABSOLUTE
    ../clib/signal.c                         0x00000000   Number         0  defsig_exit.o ABSOLUTE
    ../clib/signal.c                         0x00000000   Number         0  defsig_rtmem_inner.o ABSOLUTE
    ../clib/signal.c                         0x00000000   Number         0  __raise.o ABSOLUTE
    ../clib/signal.c                         0x00000000   Number         0  defsig_general.o ABSOLUTE
    ../clib/signal.c                         0x00000000   Number         0  defsig_abrt_inner.o ABSOLUTE
    ../clib/signal.c                         0x00000000   Number         0  defsig_fpe_inner.o ABSOLUTE
    ../clib/signal.c                         0x00000000   Number         0  defsig_rtred_inner.o ABSOLUTE
    ../clib/signal.c                         0x00000000   Number         0  defsig_stak_inner.o ABSOLUTE
    ../clib/signal.c                         0x00000000   Number         0  defsig_pvfn_inner.o ABSOLUTE
    ../clib/signal.c                         0x00000000   Number         0  defsig_cppl_inner.o ABSOLUTE
    ../clib/signal.c                         0x00000000   Number         0  defsig_segv_inner.o ABSOLUTE
    ../clib/signal.c                         0x00000000   Number         0  defsig_other.o ABSOLUTE
    ../clib/signal.s                         0x00000000   Number         0  defsig.o ABSOLUTE
    ../clib/stdlib.c                         0x00000000   Number         0  exit.o ABSOLUTE
    ../fplib/fpinit.s                        0x00000000   Number         0  fpinit.o ABSOLUTE
    RTE/Device/STM32F401RETx/startup_stm32f401xe.s 0x00000000   Number         0  startup_stm32f401xe.o ABSOLUTE
    dc.s                                     0x00000000   Number         0  dc.o ABSOLUTE
    sample_unit.c                            0x00000000   Number         0  sample_unit.o ABSOLUTE
    system_stm32f4xx.c                       0x00000000   Number         0  system_stm32f4xx.o ABSOLUTE
    RESET                                    0x08000000   Section      404  startup_stm32f401xe.o(RESET)
    !!!main                                  0x08000194   Section        8  __main.o(!!!main)
    !!!scatter                               0x0800019c   Section       52  __scatter.o(!!!scatter)
    !!handler_copy                           0x080001d0   Section       26  __scatter_copy.o(!!handler_copy)
    !!handler_zi                             0x080001ec   Section       28  __scatter_zi.o(!!handler_zi)
    .ARM.Collect$$libinit$$00000000          0x08000208   Section        2  libinit.o(.ARM.Collect$$libinit$$00000000)
    .ARM.Collect$$libinit$$00000001          0x0800020a   Section        4  libinit2.o(.ARM.Collect$$libinit$$00000001)
    .ARM.Collect$$libinit$$00000004          0x0800020e   Section        0  libinit2.o(.ARM.Collect$$libinit$$00000004)
    .ARM.Collect$$libinit$$0000000A          0x0800020e   Section        0  libinit2.o(.ARM.Collect$$libinit$$0000000A)
    .ARM.Collect$$libinit$$0000000C          0x0800020e   Section        0  libinit2.o(.ARM.Collect$$libinit$$0000000C)
    .ARM.Collect$$libinit$$0000000E          0x0800020e   Section        0  libinit2.o(.ARM.Collect$$libinit$$0000000E)
    .ARM.Collect$$libinit$$00000011          0x0800020e   Section        0  libinit2.o(.ARM.Collect$$libinit$$00000011)
    .ARM.Collect$$libinit$$00000013          0x0800020e   Section        0  libinit2.o(.ARM.Collect$$libinit$$00000013)
    .ARM.Collect$$libinit$$00000015          0x0800020e   Section        0  libinit2.o(.ARM.Collect$$libinit$$00000015)
    .ARM.Collect$$libinit$$00000017          0x0800020e   Section        0  libinit2.o(.ARM.Collect$$libinit$$00000017)
    .ARM.Collect$$libinit$$00000019          0x0800020e   Section        0  libinit2.o(.ARM.Collect$$libinit$$00000019)
    .ARM.Collect$$libinit$$0000001B          0x0800020e   Section        0  libinit2.o(.ARM.Collect$$libinit$$0000001B)
    .ARM.Collect$$libinit$$0000001D          0x0800020e   Section        0  libinit2.o(.ARM.Collect$$libinit$$0000001D)
    .ARM.Collect$$libinit$$0000001F          0x0800020e   Section        0  libinit2.o(.ARM.Collect$$libinit$$0000001F)
    .ARM.Collect$$libinit$$00000021          0x0800020e   Section        0  libinit2.o(.ARM.Collect$$libinit$$00000021)
    .ARM.Collect$$libinit$$00000023          0x0800020e   Section        0  libinit2.o(.ARM.Collect$$libinit$$00000023)
    .ARM.Collect$$libinit$$00000025          0x0800020e   Section        0  libinit2.o(.ARM.Collect$$libinit$$00000025)
    .ARM.Collect$$libinit$$0000002C          0x0800020e   Section        0  libinit2.o(.ARM.Collect$$libinit$$0000002C)
    .ARM.Collect$$libinit$$0000002E          0x0800020e   Section        0  libinit2.o(.ARM.Collect$$libinit$$0000002E)
    .ARM.Collect$$libinit$$00000030          0x0800020e   Section        0  libinit2.o(.ARM.Collect$$libinit$$00000030)
    .ARM.Collect$$libinit$$00000032          0x0800020e   Section        0  libinit2.o(.ARM.Collect$$libinit$$00000032)
    .ARM.Collect$$libinit$$00000033          0x0800020e   Section        2  libinit2.o(.ARM.Collect$$libinit$$00000033)
    .ARM.Collect$$libshutdown$$00000000      0x08000210   Section        2  libshutdown.o(.ARM.Collect$$libshutdown$$00000000)
    .ARM.Collect$$libshutdown$$00000002      0x08000212   Section        0  libshutdown2.o(.ARM.Collect$$libshutdown$$00000002)
    .ARM.Collect$$libshutdown$$00000004      0x08000212   Section        0  libshutdown2.o(.ARM.Collect$$libshutdown$$00000004)
    .ARM.Collect$$libshutdown$$00000007      0x08000212   Section        0  libshutdown2.o(.ARM.Collect$$libshutdown$$00000007)
    .ARM.Collect$$libshutdown$$0000000A      0x08000212   Section        0  libshutdown2.o(.ARM.Collect$$libshutdown$$0000000A)
    .ARM.Collect$$libshutdown$$0000000C      0x08000212   Section        0  libshutdown2.o(.ARM.Collect$$libshutdown$$0000000C)
    .ARM.Collect$$libshutdown$$0000000F      0x08000212   Section        0  libshutdown2.o(.ARM.Collect$$libshutdown$$0000000F)
    .ARM.Collect$$libshutdown$$00000010      0x08000212   Section        2  libshutdown2.o(.ARM.Collect$$libshutdown$$00000010)
    .ARM.Collect$$rtentry$$00000000          0x08000214   Section        0  __rtentry.o(.ARM.Collect$$rtentry$$00000000)
    .ARM.Collect$$rtentry$$00000002          0x08000214   Section        0  __rtentry2.o(.ARM.Collect$$rtentry$$00000002)
    .ARM.Collect$$rtentry$$00000004          0x08000214   Section        6  __rtentry4.o(.ARM.Collect$$rtentry$$00000004)
    .ARM.Collect$$rtentry$$00000009          0x0800021a   Section        0  __rtentry2.o(.ARM.Collect$$rtentry$$00000009)
    .ARM.Collect$$rtentry$$0000000A          0x0800021a   Section        4  __rtentry2.o(.ARM.Collect$$rtentry$$0000000A)
    .ARM.Collect$$rtentry$$0000000C          0x0800021e   Section        0  __rtentry2.o(.ARM.Collect$$rtentry$$0000000C)
    .ARM.Collect$$rtentry$$0000000D          0x0800021e   Section        8  __rtentry2.o(.ARM.Collect$$rtentry$$0000000D)
    .ARM.Collect$$rtexit$$00000000           0x08000226   Section        2  rtexit.o(.ARM.Collect$$rtexit$$00000000)
    .ARM.Collect$$rtexit$$00000002           0x08000228   Section        0  rtexit2.o(.ARM.Collect$$rtexit$$00000002)
    .ARM.Collect$$rtexit$$00000003           0x08000228   Section        4  rtexit2.o(.ARM.Collect$$rtexit$$00000003)
    .ARM.Collect$$rtexit$$00000004           0x0800022c   Section        6  rtexit2.o(.ARM.Collect$$rtexit$$00000004)
    $v0                                      0x08000234   Number         0  startup_stm32f401xe.o(.text)
    .text                                    0x08000234   Section       64  startup_stm32f401xe.o(.text)
    .text                                    0x08000274   Section        0  heapauxi.o(.text)
    .text                                    0x0800027a   Section       74  sys_stackheap_outer.o(.text)
    .text                                    0x080002c4   Section        0  exit.o(.text)
    .text                                    0x080002d8   Section        8  libspace.o(.text)
    .text                                    0x080002e0   Section        0  sys_exit.o(.text)
    .text                                    0x080002ec   Section        2  use_no_semi.o(.text)
    .text                                    0x080002ee   Section        0  indicate_semi.o(.text)
    [Anonymous Symbol]                       0x080002f0   Section        0  sample_unit.o(.text.LCD_command)
    [Anonymous Symbol]                       0x08000320   Section        0  sample_unit.o(.text.LCD_data)
    [Anonymous Symbol]                       0x0800034c   Section        0  sample_unit.o(.text.LDC_init)
    [Anonymous Symbol]                       0x080003cc   Section        0  system_stm32f4xx.o(.text.SystemInit)
    [Anonymous Symbol]                       0x080003e8   Section        0  sample_unit.o(.text.TIM2_IRQHandler)
    [Anonymous Symbol]                       0x08000458   Section        0  sample_unit.o(.text.TIM3_IRQHandler)
    __NVIC_EnableIRQ                         0x080004e5   Thumb Code    22  sample_unit.o(.text.__NVIC_EnableIRQ)
    [Anonymous Symbol]                       0x080004e4   Section        0  sample_unit.o(.text.__NVIC_EnableIRQ)
    [Anonymous Symbol]                       0x080004fc   Section        0  sample_unit.o(.text.decrease_and_send_A)
    [Anonymous Symbol]                       0x08000578   Section        0  sample_unit.o(.text.decrease_and_send_B)
    [Anonymous Symbol]                       0x080005f4   Section        0  sample_unit.o(.text.delayMs)
    [Anonymous Symbol]                       0x0800060c   Section        0  sample_unit.o(.text.enable_pulse)
    [Anonymous Symbol]                       0x08000630   Section        0  sample_unit.o(.text.increase_and_send_A)
    [Anonymous Symbol]                       0x080006ac   Section        0  sample_unit.o(.text.increase_and_send_B)
    [Anonymous Symbol]                       0x08000728   Section        0  sample_unit.o(.text.initiate)
    [Anonymous Symbol]                       0x08000780   Section        0  sample_unit.o(.text.keyPressed)
    [Anonymous Symbol]                       0x080008b8   Section        0  sample_unit.o(.text.lcd_update_A)
    [Anonymous Symbol]                       0x0800092c   Section        0  sample_unit.o(.text.lcd_update_B)
    [Anonymous Symbol]                       0x080009c4   Section        0  sample_unit.o(.text.lcd_update_T)
    [Anonymous Symbol]                       0x08000aa4   Section        0  sample_unit.o(.text.main)
    [Anonymous Symbol]                       0x08000bd4   Section        0  sample_unit.o(.text.sendPacket)
    [Anonymous Symbol]                       0x08000bf8   Section        0  sample_unit.o(.text.timer2_init)
    [Anonymous Symbol]                       0x08000c38   Section        0  sample_unit.o(.text.timer3_init)
    [Anonymous Symbol]                       0x08000c7c   Section        0  sample_unit.o(.text.usart_init)
    $v0                                      0x08000cca   Number         0  fpinit.o(x$fpl$fpinit)
    x$fpl$fpinit                             0x08000cca   Section       26  fpinit.o(x$fpl$fpinit)
    .bss                                     0x20000020   Section       96  libspace.o(.bss)
    Heap_Mem                                 0x20000190   Data         512  startup_stm32f401xe.o(HEAP)
    HEAP                                     0x20000190   Section      512  startup_stm32f401xe.o(HEAP)
    Stack_Mem                                0x20000390   Data        1024  startup_stm32f401xe.o(STACK)
    STACK                                    0x20000390   Section     1024  startup_stm32f401xe.o(STACK)
    __initial_sp                             0x20000790   Data           0  startup_stm32f401xe.o(STACK)

    Global Symbols

    Symbol Name                              Value     Ov Type        Size  Object(Section)

    BuildAttributes$$THM_ISAv4$E$P$D$K$B$S$7EM$VFPi3$EXTD16$VFPS$VFMA$PE$A:L22UL41UL21$X:L11$S22US41US21$IEEE1$IW$~IW$USESV6$~STKCKD$USESV7$~SHL$OTIME$ROPI$EBA8$UX$STANDARDLIB$REQ8$PRES8$EABIv2 0x00000000   Number         0  anon$$obj.o ABSOLUTE
    __ARM_exceptions_init                     - Undefined Weak Reference
    __alloca_initialize                       - Undefined Weak Reference
    __arm_preinit_                            - Undefined Weak Reference
    __cpp_initialize__aeabi_                  - Undefined Weak Reference
    __cxa_finalize                            - Undefined Weak Reference
    __rt_locale                               - Undefined Weak Reference
    __sigvec_lookup                           - Undefined Weak Reference
    _atexit_init                              - Undefined Weak Reference
    _call_atexit_fns                          - Undefined Weak Reference
    _clock_init                               - Undefined Weak Reference
    _fp_trap_init                             - Undefined Weak Reference
    _fp_trap_shutdown                         - Undefined Weak Reference
    _get_lc_collate                           - Undefined Weak Reference
    _get_lc_ctype                             - Undefined Weak Reference
    _get_lc_monetary                          - Undefined Weak Reference
    _get_lc_numeric                           - Undefined Weak Reference
    _get_lc_time                              - Undefined Weak Reference
    _getenv_init                              - Undefined Weak Reference
    _handle_redirection                       - Undefined Weak Reference
    _init_alloc                               - Undefined Weak Reference
    _init_user_alloc                          - Undefined Weak Reference
    _initio                                   - Undefined Weak Reference
    _rand_init                                - Undefined Weak Reference
    _signal_finish                            - Undefined Weak Reference
    _signal_init                              - Undefined Weak Reference
    _terminate_alloc                          - Undefined Weak Reference
    _terminate_user_alloc                     - Undefined Weak Reference
    _terminateio                              - Undefined Weak Reference
    __Vectors_Size                           0x00000194   Number         0  startup_stm32f401xe.o ABSOLUTE
    __Vectors                                0x08000000   Data           4  startup_stm32f401xe.o(RESET)
    __Vectors_End                            0x08000194   Data           0  startup_stm32f401xe.o(RESET)
    __main                                   0x08000195   Thumb Code     8  __main.o(!!!main)
    __scatterload                            0x0800019d   Thumb Code     0  __scatter.o(!!!scatter)
    __scatterload_rt2                        0x0800019d   Thumb Code    44  __scatter.o(!!!scatter)
    __scatterload_rt2_thumb_only             0x0800019d   Thumb Code     0  __scatter.o(!!!scatter)
    __scatterload_null                       0x080001ab   Thumb Code     0  __scatter.o(!!!scatter)
    __scatterload_copy                       0x080001d1   Thumb Code    26  __scatter_copy.o(!!handler_copy)
    __scatterload_zeroinit                   0x080001ed   Thumb Code    28  __scatter_zi.o(!!handler_zi)
    __rt_lib_init                            0x08000209   Thumb Code     0  libinit.o(.ARM.Collect$$libinit$$00000000)
    __rt_lib_init_fp_1                       0x0800020b   Thumb Code     0  libinit2.o(.ARM.Collect$$libinit$$00000001)
    __rt_lib_init_alloca_1                   0x0800020f   Thumb Code     0  libinit2.o(.ARM.Collect$$libinit$$0000002E)
    __rt_lib_init_argv_1                     0x0800020f   Thumb Code     0  libinit2.o(.ARM.Collect$$libinit$$0000002C)
    __rt_lib_init_atexit_1                   0x0800020f   Thumb Code     0  libinit2.o(.ARM.Collect$$libinit$$0000001B)
    __rt_lib_init_clock_1                    0x0800020f   Thumb Code     0  libinit2.o(.ARM.Collect$$libinit$$00000021)
    __rt_lib_init_cpp_1                      0x0800020f   Thumb Code     0  libinit2.o(.ARM.Collect$$libinit$$00000032)
    __rt_lib_init_exceptions_1               0x0800020f   Thumb Code     0  libinit2.o(.ARM.Collect$$libinit$$00000030)
    __rt_lib_init_fp_trap_1                  0x0800020f   Thumb Code     0  libinit2.o(.ARM.Collect$$libinit$$0000001F)
    __rt_lib_init_getenv_1                   0x0800020f   Thumb Code     0  libinit2.o(.ARM.Collect$$libinit$$00000023)
    __rt_lib_init_heap_1                     0x0800020f   Thumb Code     0  libinit2.o(.ARM.Collect$$libinit$$0000000A)
    __rt_lib_init_lc_collate_1               0x0800020f   Thumb Code     0  libinit2.o(.ARM.Collect$$libinit$$00000011)
    __rt_lib_init_lc_ctype_1                 0x0800020f   Thumb Code     0  libinit2.o(.ARM.Collect$$libinit$$00000013)
    __rt_lib_init_lc_monetary_1              0x0800020f   Thumb Code     0  libinit2.o(.ARM.Collect$$libinit$$00000015)
    __rt_lib_init_lc_numeric_1               0x0800020f   Thumb Code     0  libinit2.o(.ARM.Collect$$libinit$$00000017)
    __rt_lib_init_lc_time_1                  0x0800020f   Thumb Code     0  libinit2.o(.ARM.Collect$$libinit$$00000019)
    __rt_lib_init_preinit_1                  0x0800020f   Thumb Code     0  libinit2.o(.ARM.Collect$$libinit$$00000004)
    __rt_lib_init_rand_1                     0x0800020f   Thumb Code     0  libinit2.o(.ARM.Collect$$libinit$$0000000E)
    __rt_lib_init_return                     0x0800020f   Thumb Code     0  libinit2.o(.ARM.Collect$$libinit$$00000033)
    __rt_lib_init_signal_1                   0x0800020f   Thumb Code     0  libinit2.o(.ARM.Collect$$libinit$$0000001D)
    __rt_lib_init_stdio_1                    0x0800020f   Thumb Code     0  libinit2.o(.ARM.Collect$$libinit$$00000025)
    __rt_lib_init_user_alloc_1               0x0800020f   Thumb Code     0  libinit2.o(.ARM.Collect$$libinit$$0000000C)
    __rt_lib_shutdown                        0x08000211   Thumb Code     0  libshutdown.o(.ARM.Collect$$libshutdown$$00000000)
    __rt_lib_shutdown_cpp_1                  0x08000213   Thumb Code     0  libshutdown2.o(.ARM.Collect$$libshutdown$$00000002)
    __rt_lib_shutdown_fp_trap_1              0x08000213   Thumb Code     0  libshutdown2.o(.ARM.Collect$$libshutdown$$00000007)
    __rt_lib_shutdown_heap_1                 0x08000213   Thumb Code     0  libshutdown2.o(.ARM.Collect$$libshutdown$$0000000F)
    __rt_lib_shutdown_return                 0x08000213   Thumb Code     0  libshutdown2.o(.ARM.Collect$$libshutdown$$00000010)
    __rt_lib_shutdown_signal_1               0x08000213   Thumb Code     0  libshutdown2.o(.ARM.Collect$$libshutdown$$0000000A)
    __rt_lib_shutdown_stdio_1                0x08000213   Thumb Code     0  libshutdown2.o(.ARM.Collect$$libshutdown$$00000004)
    __rt_lib_shutdown_user_alloc_1           0x08000213   Thumb Code     0  libshutdown2.o(.ARM.Collect$$libshutdown$$0000000C)
    __rt_entry                               0x08000215   Thumb Code     0  __rtentry.o(.ARM.Collect$$rtentry$$00000000)
    __rt_entry_presh_1                       0x08000215   Thumb Code     0  __rtentry2.o(.ARM.Collect$$rtentry$$00000002)
    __rt_entry_sh                            0x08000215   Thumb Code     0  __rtentry4.o(.ARM.Collect$$rtentry$$00000004)
    __rt_entry_li                            0x0800021b   Thumb Code     0  __rtentry2.o(.ARM.Collect$$rtentry$$0000000A)
    __rt_entry_postsh_1                      0x0800021b   Thumb Code     0  __rtentry2.o(.ARM.Collect$$rtentry$$00000009)
    __rt_entry_main                          0x0800021f   Thumb Code     0  __rtentry2.o(.ARM.Collect$$rtentry$$0000000D)
    __rt_entry_postli_1                      0x0800021f   Thumb Code     0  __rtentry2.o(.ARM.Collect$$rtentry$$0000000C)
    __rt_exit                                0x08000227   Thumb Code     0  rtexit.o(.ARM.Collect$$rtexit$$00000000)
    __rt_exit_ls                             0x08000229   Thumb Code     0  rtexit2.o(.ARM.Collect$$rtexit$$00000003)
    __rt_exit_prels_1                        0x08000229   Thumb Code     0  rtexit2.o(.ARM.Collect$$rtexit$$00000002)
    __rt_exit_exit                           0x0800022d   Thumb Code     0  rtexit2.o(.ARM.Collect$$rtexit$$00000004)
    Reset_Handler                            0x08000235   Thumb Code     8  startup_stm32f401xe.o(.text)
    NMI_Handler                              0x0800023d   Thumb Code     2  startup_stm32f401xe.o(.text)
    HardFault_Handler                        0x0800023f   Thumb Code     2  startup_stm32f401xe.o(.text)
    MemManage_Handler                        0x08000241   Thumb Code     2  startup_stm32f401xe.o(.text)
    BusFault_Handler                         0x08000243   Thumb Code     2  startup_stm32f401xe.o(.text)
    UsageFault_Handler                       0x08000245   Thumb Code     2  startup_stm32f401xe.o(.text)
    SVC_Handler                              0x08000247   Thumb Code     2  startup_stm32f401xe.o(.text)
    DebugMon_Handler                         0x08000249   Thumb Code     2  startup_stm32f401xe.o(.text)
    PendSV_Handler                           0x0800024b   Thumb Code     2  startup_stm32f401xe.o(.text)
    SysTick_Handler                          0x0800024d   Thumb Code     2  startup_stm32f401xe.o(.text)
    ADC_IRQHandler                           0x0800024f   Thumb Code     0  startup_stm32f401xe.o(.text)
    DMA1_Stream0_IRQHandler                  0x0800024f   Thumb Code     0  startup_stm32f401xe.o(.text)
    DMA1_Stream1_IRQHandler                  0x0800024f   Thumb Code     0  startup_stm32f401xe.o(.text)
    DMA1_Stream2_IRQHandler                  0x0800024f   Thumb Code     0  startup_stm32f401xe.o(.text)
    DMA1_Stream3_IRQHandler                  0x0800024f   Thumb Code     0  startup_stm32f401xe.o(.text)
    DMA1_Stream4_IRQHandler                  0x0800024f   Thumb Code     0  startup_stm32f401xe.o(.text)
    DMA1_Stream5_IRQHandler                  0x0800024f   Thumb Code     0  startup_stm32f401xe.o(.text)
    DMA1_Stream6_IRQHandler                  0x0800024f   Thumb Code     0  startup_stm32f401xe.o(.text)
    DMA1_Stream7_IRQHandler                  0x0800024f   Thumb Code     0  startup_stm32f401xe.o(.text)
    DMA2_Stream0_IRQHandler                  0x0800024f   Thumb Code     0  startup_stm32f401xe.o(.text)
    DMA2_Stream1_IRQHandler                  0x0800024f   Thumb Code     0  startup_stm32f401xe.o(.text)
    DMA2_Stream2_IRQHandler                  0x0800024f   Thumb Code     0  startup_stm32f401xe.o(.text)
    DMA2_Stream3_IRQHandler                  0x0800024f   Thumb Code     0  startup_stm32f401xe.o(.text)
    DMA2_Stream4_IRQHandler                  0x0800024f   Thumb Code     0  startup_stm32f401xe.o(.text)
    DMA2_Stream5_IRQHandler                  0x0800024f   Thumb Code     0  startup_stm32f401xe.o(.text)
    DMA2_Stream6_IRQHandler                  0x0800024f   Thumb Code     0  startup_stm32f401xe.o(.text)
    DMA2_Stream7_IRQHandler                  0x0800024f   Thumb Code     0  startup_stm32f401xe.o(.text)
    EXTI0_IRQHandler                         0x0800024f   Thumb Code     0  startup_stm32f401xe.o(.text)
    EXTI15_10_IRQHandler                     0x0800024f   Thumb Code     0  startup_stm32f401xe.o(.text)
    EXTI1_IRQHandler                         0x0800024f   Thumb Code     0  startup_stm32f401xe.o(.text)
    EXTI2_IRQHandler                         0x0800024f   Thumb Code     0  startup_stm32f401xe.o(.text)
    EXTI3_IRQHandler                         0x0800024f   Thumb Code     0  startup_stm32f401xe.o(.text)
    EXTI4_IRQHandler                         0x0800024f   Thumb Code     0  startup_stm32f401xe.o(.text)
    EXTI9_5_IRQHandler                       0x0800024f   Thumb Code     0  startup_stm32f401xe.o(.text)
    FLASH_IRQHandler                         0x0800024f   Thumb Code     0  startup_stm32f401xe.o(.text)
    FPU_IRQHandler                           0x0800024f   Thumb Code     0  startup_stm32f401xe.o(.text)
    I2C1_ER_IRQHandler                       0x0800024f   Thumb Code     0  startup_stm32f401xe.o(.text)
    I2C1_EV_IRQHandler                       0x0800024f   Thumb Code     0  startup_stm32f401xe.o(.text)
    I2C2_ER_IRQHandler                       0x0800024f   Thumb Code     0  startup_stm32f401xe.o(.text)
    I2C2_EV_IRQHandler                       0x0800024f   Thumb Code     0  startup_stm32f401xe.o(.text)
    I2C3_ER_IRQHandler                       0x0800024f   Thumb Code     0  startup_stm32f401xe.o(.text)
    I2C3_EV_IRQHandler                       0x0800024f   Thumb Code     0  startup_stm32f401xe.o(.text)
    OTG_FS_IRQHandler                        0x0800024f   Thumb Code     0  startup_stm32f401xe.o(.text)
    OTG_FS_WKUP_IRQHandler                   0x0800024f   Thumb Code     0  startup_stm32f401xe.o(.text)
    PVD_IRQHandler                           0x0800024f   Thumb Code     0  startup_stm32f401xe.o(.text)
    RCC_IRQHandler                           0x0800024f   Thumb Code     0  startup_stm32f401xe.o(.text)
    RTC_Alarm_IRQHandler                     0x0800024f   Thumb Code     0  startup_stm32f401xe.o(.text)
    RTC_WKUP_IRQHandler                      0x0800024f   Thumb Code     0  startup_stm32f401xe.o(.text)
    SDIO_IRQHandler                          0x0800024f   Thumb Code     0  startup_stm32f401xe.o(.text)
    SPI1_IRQHandler                          0x0800024f   Thumb Code     0  startup_stm32f401xe.o(.text)
    SPI2_IRQHandler                          0x0800024f   Thumb Code     0  startup_stm32f401xe.o(.text)
    SPI3_IRQHandler                          0x0800024f   Thumb Code     0  startup_stm32f401xe.o(.text)
    SPI4_IRQHandler                          0x0800024f   Thumb Code     0  startup_stm32f401xe.o(.text)
    TAMP_STAMP_IRQHandler                    0x0800024f   Thumb Code     0  startup_stm32f401xe.o(.text)
    TIM1_BRK_TIM9_IRQHandler                 0x0800024f   Thumb Code     0  startup_stm32f401xe.o(.text)
    TIM1_CC_IRQHandler                       0x0800024f   Thumb Code     0  startup_stm32f401xe.o(.text)
    TIM1_TRG_COM_TIM11_IRQHandler            0x0800024f   Thumb Code     0  startup_stm32f401xe.o(.text)
    TIM1_UP_TIM10_IRQHandler                 0x0800024f   Thumb Code     0  startup_stm32f401xe.o(.text)
    TIM4_IRQHandler                          0x0800024f   Thumb Code     0  startup_stm32f401xe.o(.text)
    TIM5_IRQHandler                          0x0800024f   Thumb Code     0  startup_stm32f401xe.o(.text)
    USART1_IRQHandler                        0x0800024f   Thumb Code     0  startup_stm32f401xe.o(.text)
    USART2_IRQHandler                        0x0800024f   Thumb Code     0  startup_stm32f401xe.o(.text)
    USART6_IRQHandler                        0x0800024f   Thumb Code     0  startup_stm32f401xe.o(.text)
    WWDG_IRQHandler                          0x0800024f   Thumb Code     0  startup_stm32f401xe.o(.text)
    __user_initial_stackheap                 0x08000251   Thumb Code     0  startup_stm32f401xe.o(.text)
    __use_two_region_memory                  0x08000275   Thumb Code     2  heapauxi.o(.text)
    __rt_heap_escrow$2region                 0x08000277   Thumb Code     2  heapauxi.o(.text)
    __rt_heap_expand$2region                 0x08000279   Thumb Code     2  heapauxi.o(.text)
    __user_setup_stackheap                   0x0800027b   Thumb Code    74  sys_stackheap_outer.o(.text)
    exit                                     0x080002c5   Thumb Code    18  exit.o(.text)
    __user_libspace                          0x080002d9   Thumb Code     8  libspace.o(.text)
    __user_perproc_libspace                  0x080002d9   Thumb Code     0  libspace.o(.text)
    __user_perthread_libspace                0x080002d9   Thumb Code     0  libspace.o(.text)
    _sys_exit                                0x080002e1   Thumb Code     8  sys_exit.o(.text)
    __I$use$semihosting                      0x080002ed   Thumb Code     0  use_no_semi.o(.text)
    __use_no_semihosting_swi                 0x080002ed   Thumb Code     2  use_no_semi.o(.text)
    __semihosting_library_function           0x080002ef   Thumb Code     0  indicate_semi.o(.text)
    LCD_command                              0x080002f1   Thumb Code    46  sample_unit.o(.text.LCD_command)
    LCD_data                                 0x08000321   Thumb Code    42  sample_unit.o(.text.LCD_data)
    LDC_init                                 0x0800034d   Thumb Code   126  sample_unit.o(.text.LDC_init)
    SystemInit                               0x080003cd   Thumb Code    26  system_stm32f4xx.o(.text.SystemInit)
    TIM2_IRQHandler                          0x080003e9   Thumb Code   110  sample_unit.o(.text.TIM2_IRQHandler)
    TIM3_IRQHandler                          0x08000459   Thumb Code   138  sample_unit.o(.text.TIM3_IRQHandler)
    decrease_and_send_A                      0x080004fd   Thumb Code   124  sample_unit.o(.text.decrease_and_send_A)
    decrease_and_send_B                      0x08000579   Thumb Code   124  sample_unit.o(.text.decrease_and_send_B)
    delayMs                                  0x080005f5   Thumb Code    24  sample_unit.o(.text.delayMs)
    enable_pulse                             0x0800060d   Thumb Code    34  sample_unit.o(.text.enable_pulse)
    increase_and_send_A                      0x08000631   Thumb Code   124  sample_unit.o(.text.increase_and_send_A)
    increase_and_send_B                      0x080006ad   Thumb Code   124  sample_unit.o(.text.increase_and_send_B)
    initiate                                 0x08000729   Thumb Code    86  sample_unit.o(.text.initiate)
    keyPressed                               0x08000781   Thumb Code   312  sample_unit.o(.text.keyPressed)
    lcd_update_A                             0x080008b9   Thumb Code   114  sample_unit.o(.text.lcd_update_A)
    lcd_update_B                             0x0800092d   Thumb Code   150  sample_unit.o(.text.lcd_update_B)
    lcd_update_T                             0x080009c5   Thumb Code   222  sample_unit.o(.text.lcd_update_T)
    main                                     0x08000aa5   Thumb Code   302  sample_unit.o(.text.main)
    sendPacket                               0x08000bd5   Thumb Code    36  sample_unit.o(.text.sendPacket)
    timer2_init                              0x08000bf9   Thumb Code    64  sample_unit.o(.text.timer2_init)
    timer3_init                              0x08000c39   Thumb Code    68  sample_unit.o(.text.timer3_init)
    usart_init                               0x08000c7d   Thumb Code    78  sample_unit.o(.text.usart_init)
    _fp_init                                 0x08000ccb   Thumb Code    26  fpinit.o(x$fpl$fpinit)
    __fplib_config_fpu_vfp                   0x08000ce3   Thumb Code     0  fpinit.o(x$fpl$fpinit)
    __fplib_config_pureend_doubles           0x08000ce3   Thumb Code     0  fpinit.o(x$fpl$fpinit)
    Region$$Table$$Base                      0x08000ce4   Number         0  anon$$obj.o(Region$$Table)
    Region$$Table$$Limit                     0x08000d04   Number         0  anon$$obj.o(Region$$Table)
    A_Change                                 0x20000000   Data           4  sample_unit.o(.data.A_Change)
    A_param                                  0x20000004   Data           4  sample_unit.o(.data.A_param)
    B_Change                                 0x20000008   Data           4  sample_unit.o(.data.B_Change)
    Channel_1_Frame                          0x2000000c   Data           4  sample_unit.o(.data.Channel_1_Frame)
    Set_Parameter_A                          0x20000010   Data           4  sample_unit.o(.data.Set_Parameter_A)
    Set_Parameter_B                          0x20000014   Data           4  sample_unit.o(.data.Set_Parameter_B)
    Time_Unit                                0x20000018   Data           4  sample_unit.o(.data.Time_Unit)
    time_unit                                0x2000001c   Data           4  sample_unit.o(.data.time_unit)
    __libspace_start                         0x20000020   Data          96  libspace.o(.bss)
    B_param                                  0x20000080   Data           4  sample_unit.o(.bss.B_param)
    __temporary_stack_top$libspace           0x20000080   Data           0  libspace.o(.bss)
    frame_data                               0x20000084   Data         128  sample_unit.o(.bss.frame_data)
    frame_step                               0x20000104   Data           4  sample_unit.o(.bss.frame_step)
    init_data                                0x20000108   Data         128  sample_unit.o(.bss.init_data)
    init_data_counter                        0x20000188   Data           4  sample_unit.o(.bss.init_data_counter)
    sample_num                               0x2000018c   Data           4  sample_unit.o(.bss.sample_num)



==============================================================================

Memory Map of the image

  Image Entry point : 0x08000195

  Load Region LR_IROM1 (Base: 0x08000000, Size: 0x00000d28, Max: 0x00080000, ABSOLUTE)

    Execution Region ER_IROM1 (Exec base: 0x08000000, Load base: 0x08000000, Size: 0x00000d04, Max: 0x00080000, ABSOLUTE)

    Exec Addr    Load Addr    Size         Type   Attr      Idx    E Section Name        Object

    0x08000000   0x08000000   0x00000194   Data   RO           74    RESET               startup_stm32f401xe.o
    0x08000194   0x08000194   0x00000008   Code   RO          100  * !!!main             c_w.l(__main.o)
    0x0800019c   0x0800019c   0x00000034   Code   RO          263    !!!scatter          c_w.l(__scatter.o)
    0x080001d0   0x080001d0   0x0000001a   Code   RO          265    !!handler_copy      c_w.l(__scatter_copy.o)
    0x080001ea   0x080001ea   0x00000002   PAD
    0x080001ec   0x080001ec   0x0000001c   Code   RO          267    !!handler_zi        c_w.l(__scatter_zi.o)
    0x08000208   0x08000208   0x00000002   Code   RO          127    .ARM.Collect$$libinit$$00000000  c_w.l(libinit.o)
    0x0800020a   0x0800020a   0x00000004   Code   RO          133    .ARM.Collect$$libinit$$00000001  c_w.l(libinit2.o)
    0x0800020e   0x0800020e   0x00000000   Code   RO          136    .ARM.Collect$$libinit$$00000004  c_w.l(libinit2.o)
    0x0800020e   0x0800020e   0x00000000   Code   RO          139    .ARM.Collect$$libinit$$0000000A  c_w.l(libinit2.o)
    0x0800020e   0x0800020e   0x00000000   Code   RO          141    .ARM.Collect$$libinit$$0000000C  c_w.l(libinit2.o)
    0x0800020e   0x0800020e   0x00000000   Code   RO          143    .ARM.Collect$$libinit$$0000000E  c_w.l(libinit2.o)
    0x0800020e   0x0800020e   0x00000000   Code   RO          146    .ARM.Collect$$libinit$$00000011  c_w.l(libinit2.o)
    0x0800020e   0x0800020e   0x00000000   Code   RO          148    .ARM.Collect$$libinit$$00000013  c_w.l(libinit2.o)
    0x0800020e   0x0800020e   0x00000000   Code   RO          150    .ARM.Collect$$libinit$$00000015  c_w.l(libinit2.o)
    0x0800020e   0x0800020e   0x00000000   Code   RO          152    .ARM.Collect$$libinit$$00000017  c_w.l(libinit2.o)
    0x0800020e   0x0800020e   0x00000000   Code   RO          154    .ARM.Collect$$libinit$$00000019  c_w.l(libinit2.o)
    0x0800020e   0x0800020e   0x00000000   Code   RO          156    .ARM.Collect$$libinit$$0000001B  c_w.l(libinit2.o)
    0x0800020e   0x0800020e   0x00000000   Code   RO          158    .ARM.Collect$$libinit$$0000001D  c_w.l(libinit2.o)
    0x0800020e   0x0800020e   0x00000000   Code   RO          160    .ARM.Collect$$libinit$$0000001F  c_w.l(libinit2.o)
    0x0800020e   0x0800020e   0x00000000   Code   RO          162    .ARM.Collect$$libinit$$00000021  c_w.l(libinit2.o)
    0x0800020e   0x0800020e   0x00000000   Code   RO          164    .ARM.Collect$$libinit$$00000023  c_w.l(libinit2.o)
    0x0800020e   0x0800020e   0x00000000   Code   RO          166    .ARM.Collect$$libinit$$00000025  c_w.l(libinit2.o)
    0x0800020e   0x0800020e   0x00000000   Code   RO          170    .ARM.Collect$$libinit$$0000002C  c_w.l(libinit2.o)
    0x0800020e   0x0800020e   0x00000000   Code   RO          172    .ARM.Collect$$libinit$$0000002E  c_w.l(libinit2.o)
    0x0800020e   0x0800020e   0x00000000   Code   RO          174    .ARM.Collect$$libinit$$00000030  c_w.l(libinit2.o)
    0x0800020e   0x0800020e   0x00000000   Code   RO          176    .ARM.Collect$$libinit$$00000032  c_w.l(libinit2.o)
    0x0800020e   0x0800020e   0x00000002   Code   RO          177    .ARM.Collect$$libinit$$00000033  c_w.l(libinit2.o)
    0x08000210   0x08000210   0x00000002   Code   RO          199    .ARM.Collect$$libshutdown$$00000000  c_w.l(libshutdown.o)
    0x08000212   0x08000212   0x00000000   Code   RO          214    .ARM.Collect$$libshutdown$$00000002  c_w.l(libshutdown2.o)
    0x08000212   0x08000212   0x00000000   Code   RO          216    .ARM.Collect$$libshutdown$$00000004  c_w.l(libshutdown2.o)
    0x08000212   0x08000212   0x00000000   Code   RO          219    .ARM.Collect$$libshutdown$$00000007  c_w.l(libshutdown2.o)
    0x08000212   0x08000212   0x00000000   Code   RO          222    .ARM.Collect$$libshutdown$$0000000A  c_w.l(libshutdown2.o)
    0x08000212   0x08000212   0x00000000   Code   RO          224    .ARM.Collect$$libshutdown$$0000000C  c_w.l(libshutdown2.o)
    0x08000212   0x08000212   0x00000000   Code   RO          227    .ARM.Collect$$libshutdown$$0000000F  c_w.l(libshutdown2.o)
    0x08000212   0x08000212   0x00000002   Code   RO          228    .ARM.Collect$$libshutdown$$00000010  c_w.l(libshutdown2.o)
    0x08000214   0x08000214   0x00000000   Code   RO          102    .ARM.Collect$$rtentry$$00000000  c_w.l(__rtentry.o)
    0x08000214   0x08000214   0x00000000   Code   RO          104    .ARM.Collect$$rtentry$$00000002  c_w.l(__rtentry2.o)
    0x08000214   0x08000214   0x00000006   Code   RO          116    .ARM.Collect$$rtentry$$00000004  c_w.l(__rtentry4.o)
    0x0800021a   0x0800021a   0x00000000   Code   RO          106    .ARM.Collect$$rtentry$$00000009  c_w.l(__rtentry2.o)
    0x0800021a   0x0800021a   0x00000004   Code   RO          107    .ARM.Collect$$rtentry$$0000000A  c_w.l(__rtentry2.o)
    0x0800021e   0x0800021e   0x00000000   Code   RO          109    .ARM.Collect$$rtentry$$0000000C  c_w.l(__rtentry2.o)
    0x0800021e   0x0800021e   0x00000008   Code   RO          110    .ARM.Collect$$rtentry$$0000000D  c_w.l(__rtentry2.o)
    0x08000226   0x08000226   0x00000002   Code   RO          131    .ARM.Collect$$rtexit$$00000000  c_w.l(rtexit.o)
    0x08000228   0x08000228   0x00000000   Code   RO          179    .ARM.Collect$$rtexit$$00000002  c_w.l(rtexit2.o)
    0x08000228   0x08000228   0x00000004   Code   RO          180    .ARM.Collect$$rtexit$$00000003  c_w.l(rtexit2.o)
    0x0800022c   0x0800022c   0x00000006   Code   RO          181    .ARM.Collect$$rtexit$$00000004  c_w.l(rtexit2.o)
    0x08000232   0x08000232   0x00000002   PAD
    0x08000234   0x08000234   0x00000040   Code   RO           75    .text               startup_stm32f401xe.o
    0x08000274   0x08000274   0x00000006   Code   RO           98    .text               c_w.l(heapauxi.o)
    0x0800027a   0x0800027a   0x0000004a   Code   RO          118    .text               c_w.l(sys_stackheap_outer.o)
    0x080002c4   0x080002c4   0x00000012   Code   RO          120    .text               c_w.l(exit.o)
    0x080002d6   0x080002d6   0x00000002   PAD
    0x080002d8   0x080002d8   0x00000008   Code   RO          128    .text               c_w.l(libspace.o)
    0x080002e0   0x080002e0   0x0000000c   Code   RO          189    .text               c_w.l(sys_exit.o)
    0x080002ec   0x080002ec   0x00000002   Code   RO          204    .text               c_w.l(use_no_semi.o)
    0x080002ee   0x080002ee   0x00000000   Code   RO          206    .text               c_w.l(indicate_semi.o)
    0x080002ee   0x080002ee   0x00000002   PAD
    0x080002f0   0x080002f0   0x0000002e   Code   RO           20    .text.LCD_command   sample_unit.o
    0x0800031e   0x0800031e   0x00000002   PAD
    0x08000320   0x08000320   0x0000002a   Code   RO           16    .text.LCD_data      sample_unit.o
    0x0800034a   0x0800034a   0x00000002   PAD
    0x0800034c   0x0800034c   0x0000007e   Code   RO            8    .text.LDC_init      sample_unit.o
    0x080003ca   0x080003ca   0x00000002   PAD
    0x080003cc   0x080003cc   0x0000001a   Code   RO           82    .text.SystemInit    system_stm32f4xx.o
    0x080003e6   0x080003e6   0x00000002   PAD
    0x080003e8   0x080003e8   0x0000006e   Code   RO           44    .text.TIM2_IRQHandler  sample_unit.o
    0x08000456   0x08000456   0x00000002   PAD
    0x08000458   0x08000458   0x0000008a   Code   RO           46    .text.TIM3_IRQHandler  sample_unit.o
    0x080004e2   0x080004e2   0x00000002   PAD
    0x080004e4   0x080004e4   0x00000016   Code   RO           40    .text.__NVIC_EnableIRQ  sample_unit.o
    0x080004fa   0x080004fa   0x00000002   PAD
    0x080004fc   0x080004fc   0x0000007c   Code   RO           30    .text.decrease_and_send_A  sample_unit.o
    0x08000578   0x08000578   0x0000007c   Code   RO           34    .text.decrease_and_send_B  sample_unit.o
    0x080005f4   0x080005f4   0x00000018   Code   RO           12    .text.delayMs       sample_unit.o
    0x0800060c   0x0800060c   0x00000022   Code   RO           38    .text.enable_pulse  sample_unit.o
    0x0800062e   0x0800062e   0x00000002   PAD
    0x08000630   0x08000630   0x0000007c   Code   RO           28    .text.increase_and_send_A  sample_unit.o
    0x080006ac   0x080006ac   0x0000007c   Code   RO           32    .text.increase_and_send_B  sample_unit.o
    0x08000728   0x08000728   0x00000056   Code   RO            4    .text.initiate      sample_unit.o
    0x0800077e   0x0800077e   0x00000002   PAD
    0x08000780   0x08000780   0x00000138   Code   RO           26    .text.keyPressed    sample_unit.o
    0x080008b8   0x080008b8   0x00000072   Code   RO           18    .text.lcd_update_A  sample_unit.o
    0x0800092a   0x0800092a   0x00000002   PAD
    0x0800092c   0x0800092c   0x00000096   Code   RO           22    .text.lcd_update_B  sample_unit.o
    0x080009c2   0x080009c2   0x00000002   PAD
    0x080009c4   0x080009c4   0x000000de   Code   RO           24    .text.lcd_update_T  sample_unit.o
    0x08000aa2   0x08000aa2   0x00000002   PAD
    0x08000aa4   0x08000aa4   0x0000012e   Code   RO            2    .text.main          sample_unit.o
    0x08000bd2   0x08000bd2   0x00000002   PAD
    0x08000bd4   0x08000bd4   0x00000024   Code   RO           36    .text.sendPacket    sample_unit.o
    0x08000bf8   0x08000bf8   0x00000040   Code   RO           10    .text.timer2_init   sample_unit.o
    0x08000c38   0x08000c38   0x00000044   Code   RO           14    .text.timer3_init   sample_unit.o
    0x08000c7c   0x08000c7c   0x0000004e   Code   RO            6    .text.usart_init    sample_unit.o
    0x08000cca   0x08000cca   0x0000001a   Code   RO          187    x$fpl$fpinit        fz_wm.l(fpinit.o)
    0x08000ce4   0x08000ce4   0x00000020   Data   RO          262    Region$$Table       anon$$obj.o


    Execution Region RW_IRAM1 (Exec base: 0x20000000, Load base: 0x08000d08, Size: 0x00000790, Max: 0x00018000, ABSOLUTE)

    Exec Addr    Load Addr    Size         Type   Attr      Idx    E Section Name        Object

    0x20000000   0x08000d08   0x00000004   Data   RW           54    .data.A_Change      sample_unit.o
    0x20000004   0x08000d0c   0x00000004   Data   RW           53    .data.A_param       sample_unit.o
    0x20000008   0x08000d10   0x00000004   Data   RW           56    .data.B_Change      sample_unit.o
    0x2000000c   0x08000d14   0x00000004   Data   RW           61    .data.Channel_1_Frame  sample_unit.o
    0x20000010   0x08000d18   0x00000004   Data   RW           59    .data.Set_Parameter_A  sample_unit.o
    0x20000014   0x08000d1c   0x00000004   Data   RW           60    .data.Set_Parameter_B  sample_unit.o
    0x20000018   0x08000d20   0x00000004   Data   RW           57    .data.Time_Unit     sample_unit.o
    0x2000001c   0x08000d24   0x00000004   Data   RW           48    .data.time_unit     sample_unit.o
    0x20000020        -       0x00000060   Zero   RW          129    .bss                c_w.l(libspace.o)
    0x20000080        -       0x00000004   Zero   RW           55    .bss.B_param        sample_unit.o
    0x20000084        -       0x00000080   Zero   RW           63    .bss.frame_data     sample_unit.o
    0x20000104        -       0x00000004   Zero   RW           50    .bss.frame_step     sample_unit.o
    0x20000108        -       0x00000080   Zero   RW           62    .bss.init_data      sample_unit.o
    0x20000188        -       0x00000004   Zero   RW           52    .bss.init_data_counter  sample_unit.o
    0x2000018c        -       0x00000004   Zero   RW           51    .bss.sample_num     sample_unit.o
    0x20000190        -       0x00000200   Zero   RW           73    HEAP                startup_stm32f401xe.o
    0x20000390        -       0x00000400   Zero   RW           72    STACK               startup_stm32f401xe.o


==============================================================================

Image component sizes


      Code (inc. data)   RO Data    RW Data    ZI Data      Debug   Object Name

      2470          6          0         32        272       8736   sample_unit.o
        64         26        404          0       1536        876   startup_stm32f401xe.o
        26          0          0          0          0       2830   system_stm32f4xx.o

    ----------------------------------------------------------------------
      2586         32        436         32       1808      12442   Object Totals
         0          0         32          0          0          0   (incl. Generated)
        26          0          0          0          0          0   (incl. Padding)

    ----------------------------------------------------------------------

      Code (inc. data)   RO Data    RW Data    ZI Data      Debug   Library Member Name

         8          0          0          0          0         68   __main.o
         0          0          0          0          0          0   __rtentry.o
        12          0          0          0          0          0   __rtentry2.o
         6          0          0          0          0          0   __rtentry4.o
        52          8          0          0          0          0   __scatter.o
        26          0          0          0          0          0   __scatter_copy.o
        28          0          0          0          0          0   __scatter_zi.o
        18          0          0          0          0         80   exit.o
         6          0          0          0          0        152   heapauxi.o
         0          0          0          0          0          0   indicate_semi.o
         2          0          0          0          0          0   libinit.o
         6          0          0          0          0          0   libinit2.o
         2          0          0          0          0          0   libshutdown.o
         2          0          0          0          0          0   libshutdown2.o
         8          4          0          0         96         68   libspace.o
         2          0          0          0          0          0   rtexit.o
        10          0          0          0          0          0   rtexit2.o
        12          4          0          0          0         68   sys_exit.o
        74          0          0          0          0         80   sys_stackheap_outer.o
         2          0          0          0          0         68   use_no_semi.o
        26          0          0          0          0        116   fpinit.o

    ----------------------------------------------------------------------
       310         16          0          0         96        700   Library Totals
         8          0          0          0          0          0   (incl. Padding)

    ----------------------------------------------------------------------

      Code (inc. data)   RO Data    RW Data    ZI Data      Debug   Library Name

       276         16          0          0         96        584   c_w.l
        26          0          0          0          0        116   fz_wm.l

    ----------------------------------------------------------------------
       310         16          0          0         96        700   Library Totals

    ----------------------------------------------------------------------

==============================================================================


      Code (inc. data)   RO Data    RW Data    ZI Data      Debug   

      2896         48        436         32       1904      12970   Grand Totals
      2896         48        436         32       1904      12970   ELF Image Totals
      2896         48        436         32          0          0   ROM Totals

==============================================================================

    Total RO  Size (Code + RO Data)                 3332 (   3.25kB)
    Total RW  Size (RW Data + ZI Data)              1936 (   1.89kB)
    Total ROM Size (Code + RO Data + RW Data)       3364 (   3.29kB)

==============================================================================

